// Jest Snapshot v1, https://goo.gl/fbAQLP

exports[`renders correctly 1`] = `
<body>
  <div>
    <section
      class="stub-list"
    >
      <ul>
        <li>
          <span>
            GET
          </span>
          <span>
            /posts
          </span>
        </li>
      </ul>
    </section>
  </div>
</body>
`;
